// Jest Snapshot v1, https://goo.gl/fbAQLP

exports[`Basic should generate the correct schema 1`] = `
Object {
  "access": Array [],
  "components": Array [
    Object {
      "datePicker": Object {
        "disableWeekdays": false,
        "disableWeekends": false,
      },
      "disabled": true,
      "enableMaxDateInput": false,
      "enableMinDateInput": false,
      "input": true,
      "key": "created",
      "label": "Created",
      "timePicker": Object {
        "showMeridian": false,
      },
      "type": "datetime",
      "validate": Object {
        "required": false,
      },
      "widget": Object {
        "allowInput": true,
        "disableWeekdays": false,
        "disableWeekends": false,
        "displayInTimezone": "viewer",
        "enableTime": true,
        "hourIncrement": 1,
        "locale": "en",
        "maxDate": null,
        "minDate": null,
        "minuteIncrement": 1,
        "mode": "single",
        "noCalendar": false,
        "time_24hr": true,
        "type": "calendar",
        "useLocaleSettings": false,
      },
    },
    Object {
      "datePicker": Object {
        "disableWeekdays": false,
        "disableWeekends": false,
      },
      "disabled": true,
      "enableMaxDateInput": false,
      "enableMinDateInput": false,
      "input": true,
      "key": "modified",
      "label": "Modified",
      "timePicker": Object {
        "showMeridian": false,
      },
      "type": "datetime",
      "validate": Object {
        "required": false,
      },
      "widget": Object {
        "allowInput": true,
        "disableWeekdays": false,
        "disableWeekends": false,
        "displayInTimezone": "viewer",
        "enableTime": true,
        "hourIncrement": 1,
        "locale": "en",
        "maxDate": null,
        "minDate": null,
        "minuteIncrement": 1,
        "mode": "single",
        "noCalendar": false,
        "time_24hr": true,
        "type": "calendar",
        "useLocaleSettings": false,
      },
    },
    Object {
      "disabled": false,
      "input": true,
      "key": "clientName",
      "label": "Client name",
      "tableView": true,
      "type": "textfield",
      "validate": Object {
        "required": true,
      },
    },
    Object {
      "disabled": true,
      "input": true,
      "key": "clientId",
      "label": "Client id",
      "tableView": true,
      "type": "textfield",
      "validate": Object {
        "required": true,
      },
    },
    Object {
      "disabled": true,
      "input": true,
      "key": "clientSecret",
      "label": "Client secret",
      "type": "textfield",
      "validate": Object {
        "required": true,
      },
    },
    Object {
      "defaultValue": false,
      "disabled": false,
      "input": true,
      "key": "trusted",
      "label": "Trusted",
      "type": "checkbox",
      "validate": Object {
        "required": false,
      },
    },
    Object {
      "disabled": false,
      "input": true,
      "key": "clientUri",
      "label": "Client uri",
      "type": "url",
      "validate": Object {
        "required": false,
      },
    },
    Object {
      "disabled": false,
      "input": true,
      "key": "logoUri",
      "label": "Logo uri",
      "tableView": true,
      "type": "url",
      "validate": Object {
        "required": false,
      },
    },
    Object {
      "defaultValue": "web",
      "disabled": false,
      "key": "applicationType",
      "label": "Application type",
      "type": "radio",
      "validate": Object {
        "required": true,
      },
      "values": Array [
        Object {
          "label": "web",
          "shortcut": "",
          "value": "web",
        },
        Object {
          "label": "native",
          "shortcut": "",
          "value": "native",
        },
        Object {
          "label": "service",
          "shortcut": "",
          "value": "service",
        },
      ],
    },
    Object {
      "disabled": false,
      "input": true,
      "key": "redirectUris",
      "label": "Redirect uris",
      "multiple": true,
      "type": "url",
      "validate": Object {
        "required": false,
      },
    },
    Object {
      "disabled": false,
      "inline": false,
      "key": "responseTypes",
      "label": "Response types",
      "type": "selectboxes",
      "validate": Object {
        "required": false,
      },
      "values": Array [
        Object {
          "label": "code",
          "shortcut": "",
          "value": "code",
        },
        Object {
          "label": "id_token token",
          "shortcut": "",
          "value": "id_token token",
        },
        Object {
          "label": "code id_token token",
          "shortcut": "",
          "value": "code id_token token",
        },
        Object {
          "label": "token",
          "shortcut": "",
          "value": "token",
        },
        Object {
          "label": "none",
          "shortcut": "",
          "value": "none",
        },
      ],
    },
    Object {
      "disabled": false,
      "inline": false,
      "key": "grantTypes",
      "label": "Grant types",
      "type": "selectboxes",
      "validate": Object {
        "required": false,
      },
      "values": Array [
        Object {
          "label": "authorization_code",
          "shortcut": "",
          "value": "authorization_code",
        },
        Object {
          "label": "implicit",
          "shortcut": "",
          "value": "implicit",
        },
        Object {
          "label": "refresh_token",
          "shortcut": "",
          "value": "refresh_token",
        },
        Object {
          "label": "client_credentials",
          "shortcut": "",
          "value": "client_credentials",
        },
      ],
    },
    Object {
      "defaultValue": "client_secret_basic",
      "disabled": false,
      "key": "tokenEndpointAuthMethod",
      "label": "Token endpoint auth method",
      "type": "radio",
      "validate": Object {
        "required": false,
      },
      "values": Array [
        Object {
          "label": "client_secret_post",
          "shortcut": "",
          "value": "client_secret_post",
        },
        Object {
          "label": "client_secret_basic",
          "shortcut": "",
          "value": "client_secret_basic",
        },
        Object {
          "label": "client_secret_jwt",
          "shortcut": "",
          "value": "client_secret_jwt",
        },
        Object {
          "label": "private_key_jwt",
          "shortcut": "",
          "value": "private_key_jwt",
        },
        Object {
          "label": "none",
          "shortcut": "",
          "value": "none",
        },
      ],
    },
    Object {
      "defaultValue": 3600,
      "delimiter": false,
      "disabled": false,
      "input": true,
      "inputFormat": "plain",
      "key": "defaultMaxAge",
      "label": "Default max age",
      "mask": false,
      "requireDecimal": false,
      "type": "number",
      "validate": Object {
        "required": false,
      },
    },
    Object {
      "disabled": false,
      "input": true,
      "key": "postLogoutRedirectUris",
      "label": "Post logout redirect uris",
      "multiple": true,
      "type": "url",
      "validate": Object {
        "required": false,
      },
    },
    Object {
      "disabled": false,
      "input": true,
      "key": "scopes",
      "label": "Scopes",
      "storeas": "array",
      "tableView": true,
      "type": "tags",
      "validate": Object {
        "required": false,
      },
    },
    Object {
      "defaultValue": "clubmed",
      "description": "Change the template display on OIDC group1",
      "disabled": false,
      "key": "theme",
      "label": "Theme",
      "type": "radio",
      "validate": Object {
        "required": false,
      },
      "values": Array [
        Object {
          "label": "clubmed",
          "shortcut": "",
          "value": "clubmed",
        },
        Object {
          "label": "myclubmed",
          "shortcut": "",
          "value": "myclubmed",
        },
      ],
    },
    Object {
      "defaultValue": true,
      "description": "Import Google tags scripts for this client on OIDC group1 Login page",
      "disabled": false,
      "input": true,
      "key": "enableGoogleAd",
      "label": "Enable Google Tags",
      "type": "checkbox",
      "validate": Object {
        "required": false,
      },
    },
    Object {
      "defaultValue": true,
      "description": "Display socials login buttons for this client on OIDC group1 Login page",
      "disabled": false,
      "input": true,
      "key": "enableConnectionProvider",
      "label": "Enable Social Login",
      "type": "checkbox",
      "validate": Object {
        "required": false,
      },
    },
    Object {
      "defaultValue": false,
      "description": "Disable the account creation link on OIDC group1",
      "disabled": false,
      "input": true,
      "key": "hideAccountCreation",
      "label": "Hide account creation link",
      "type": "checkbox",
      "validate": Object {
        "required": false,
      },
    },
  ],
  "display": "form",
  "machineName": "oidc-client",
  "name": "oidc-client",
  "submissionAccess": Array [],
  "tags": Array [],
  "title": "OIDCClient",
  "type": "form",
}
`;
