// Jest Snapshot v1, https://goo.gl/fbAQLP

exports[`Date integration should generate date-time field 1`] = `
Object {
  "access": Array [],
  "components": Array [
    Object {
      "datePicker": Object {
        "disableWeekdays": false,
        "disableWeekends": false,
      },
      "disabled": false,
      "enableMaxDateInput": false,
      "enableMinDateInput": false,
      "input": true,
      "key": "test",
      "label": "Test",
      "timePicker": Object {
        "showMeridian": false,
      },
      "type": "datetime",
      "validate": Object {
        "required": false,
      },
      "widget": Object {
        "allowInput": true,
        "disableWeekdays": false,
        "disableWeekends": false,
        "displayInTimezone": "viewer",
        "enableTime": true,
        "hourIncrement": 1,
        "locale": "en",
        "maxDate": null,
        "minDate": null,
        "minuteIncrement": 1,
        "mode": "single",
        "noCalendar": false,
        "time_24hr": true,
        "type": "calendar",
        "useLocaleSettings": false,
      },
    },
  ],
  "display": "form",
  "machineName": "model",
  "name": "model",
  "submissionAccess": Array [],
  "tags": Array [],
  "title": "Model",
  "type": "form",
}
`;
